../Core/Src/main.c:11:6:BMP280_Init	24	static
../Core/Src/main.c:21:6:BMP280_ReadCalibration	32	static
../Core/Src/main.c:31:9:BMP280_ReadRawTemp	24	static
../Core/Src/main.c:41:7:BMP280_CalculateTemp	32	static
../Core/Src/main.c:52:6:temp_speed_count	24	static
../Core/Src/main.c:67:6:temp_count_blink	24	static
../Core/Src/main.c:84:5:main	8	static
../Core/Src/main.c:96:6:SystemClock_Config	88	static
../Core/Src/main.c:119:13:MX_I2C1_Init	8	static
../Core/Src/main.c:134:13:MX_GPIO_Init	32	static
../Core/Src/main.c:145:6:Error_Handler	4	static,ignoring_inline_asm
