16:44:52 **** Incremental Build of configuration Debug for project DAC_ADC_TEST ****
make -j16 all 
arm-none-eabi-gcc "../Core/Src/main.c" -mcpu=cortex-m4 -std=gnu11 -g3 -DDEBUG -DUSE_HAL_DRIVER -DSTM32F405xx -c -I../Core/Inc -I../Drivers/STM32F4xx_HAL_Driver/Inc -I../Drivers/STM32F4xx_HAL_Driver/Inc/Legacy -I../Drivers/CMSIS/Device/ST/STM32F4xx/Include -I../Drivers/CMSIS/Include -O0 -ffunction-sections -fdata-sections -Wall -fstack-usage -fcyclomatic-complexity -MMD -MP -MF"Core/Src/main.d" -MT"Core/Src/main.o" --specs=nano.specs -mfpu=fpv4-sp-d16 -mfloat-abi=hard -mthumb -o "Core/Src/main.o"
arm-none-eabi-g++ -o "DAC_ADC_TEST.elf" @"objects.list"   -mcpu=cortex-m4 -T"C:\Users\Ivo\Documents\GitHub\ModExpES\Software\DAC_ADC_TEST\STM32F405RGTX_FLASH.ld" --specs=nosys.specs -Wl,-Map="DAC_ADC_TEST.map" -Wl,--gc-sections -static --specs=nano.specs -mfpu=fpv4-sp-d16 -mfloat-abi=hard -mthumb -Wl,--start-group -lc -lm -lstdc++ -lsupc++ -Wl,--end-group
Finished building target: DAC_ADC_TEST.elf
 
arm-none-eabi-size  DAC_ADC_TEST.elf 
arm-none-eabi-objdump -h -S DAC_ADC_TEST.elf  > "DAC_ADC_TEST.list"
   text	   data	    bss	    dec	    hex	filename
  11916	     12	   1732	  13660	   355c	DAC_ADC_TEST.elf
Finished building: default.size.stdout
 
Finished building: DAC_ADC_TEST.list
 

16:44:53 Build Finished. 0 errors, 0 warnings. (took 721ms)

