20:13:54 **** Incremental Build of configuration Debug for project I2C_BMP280 ****
make -j16 all 
arm-none-eabi-gcc "../Core/Src/main.c" -mcpu=cortex-m4 -std=gnu11 -g3 -DDEBUG -DUSE_HAL_DRIVER -DSTM32F405xx -c -I../Core/Inc -I../Drivers/STM32F4xx_HAL_Driver/Inc -I../Drivers/STM32F4xx_HAL_Driver/Inc/Legacy -I../Drivers/CMSIS/Device/ST/STM32F4xx/Include -I../Drivers/CMSIS/Include -O0 -ffunction-sections -fdata-sections -Wall -fstack-usage -fcyclomatic-complexity -MMD -MP -MF"Core/Src/main.d" -MT"Core/Src/main.o" --specs=nano.specs -mfpu=fpv4-sp-d16 -mfloat-abi=hard -mthumb -o "Core/Src/main.o"
arm-none-eabi-g++ -o "I2C_BMP280.elf" @"objects.list"   -mcpu=cortex-m4 -T"C:\Users\Ivo\Documents\GitHub\ModExpES\Software\I2C_BMP280\STM32F405RGTX_FLASH.ld" --specs=nosys.specs -Wl,-Map="I2C_BMP280.map" -Wl,--gc-sections -static --specs=nano.specs -mfpu=fpv4-sp-d16 -mfloat-abi=hard -mthumb -Wl,--start-group -lc -lm -lstdc++ -lsupc++ -Wl,--end-group
Finished building target: I2C_BMP280.elf
 
arm-none-eabi-size  I2C_BMP280.elf 
arm-none-eabi-objdump -h -S I2C_BMP280.elf  > "I2C_BMP280.list"
   text	   data	    bss	    dec	    hex	filename
  10688	     12	   1660	  12360	   3048	I2C_BMP280.elf
Finished building: default.size.stdout
 
Finished building: I2C_BMP280.list
 

20:13:54 Build Finished. 0 errors, 0 warnings. (took 614ms)

