23:20:41 **** Incremental Build of configuration Debug for project I2C_BMP280 ****
make -j16 all 
arm-none-eabi-gcc "../Core/Src/main.c" -mcpu=cortex-m4 -std=gnu11 -g3 -DDEBUG -DUSE_HAL_DRIVER -DSTM32F405xx -c -I../Core/Inc -I../Drivers/STM32F4xx_HAL_Driver/Inc -I../Drivers/STM32F4xx_HAL_Driver/Inc/Legacy -I../Drivers/CMSIS/Device/ST/STM32F4xx/Include -I../Drivers/CMSIS/Include -I../USB_DEVICE/App -I../USB_DEVICE/Target -I../Middlewares/ST/STM32_USB_Device_Library/Core/Inc -I../Middlewares/ST/STM32_USB_Device_Library/Class/CDC/Inc -O0 -ffunction-sections -fdata-sections -Wall -fstack-usage -fcyclomatic-complexity -MMD -MP -MF"Core/Src/main.d" -MT"Core/Src/main.o" --specs=nano.specs -mfpu=fpv4-sp-d16 -mfloat-abi=hard -mthumb -o "Core/Src/main.o"
../Core/Src/main.c: In function 'main':
../Core/Src/main.c:71:9: warning: implicit declaration of function 'CDC_Transmit_FS' [-Wimplicit-function-declaration]
   71 |         CDC_Transmit_FS(Data, size);
      |         ^~~~~~~~~~~~~~~
arm-none-eabi-g++ -o "I2C_BMP280.elf" @"objects.list"   -mcpu=cortex-m4 -T"C:\Users\Ivo\Documents\GitHub\ModExpES\Software\I2C_BMP280\STM32F405RGTX_FLASH.ld" --specs=nosys.specs -Wl,-Map="I2C_BMP280.map" -Wl,--gc-sections -static --specs=nano.specs -mfpu=fpv4-sp-d16 -mfloat-abi=hard -mthumb -Wl,--start-group -lc -lm -lstdc++ -lsupc++ -Wl,--end-group
Finished building target: I2C_BMP280.elf
 
arm-none-eabi-size  I2C_BMP280.elf 
arm-none-eabi-objdump -h -S I2C_BMP280.elf  > "I2C_BMP280.list"
   text	   data	    bss	    dec	    hex	filename
  35256	    332	   9396	  44984	   afb8	I2C_BMP280.elf
Finished building: default.size.stdout
 
Finished building: I2C_BMP280.list
 

23:20:42 Build Finished. 0 errors, 1 warnings. (took 873ms)

