18:19:04 **** Incremental Build of configuration Debug for project UART_TEST ****
make -j16 all 
arm-none-eabi-gcc "../Core/Src/main.c" -mcpu=cortex-m4 -std=gnu11 -g3 -DDEBUG -DUSE_HAL_DRIVER -DSTM32F405xx -c -I../Core/Inc -I../Drivers/STM32F4xx_HAL_Driver/Inc -I../Drivers/STM32F4xx_HAL_Driver/Inc/Legacy -I../Drivers/CMSIS/Device/ST/STM32F4xx/Include -I../Drivers/CMSIS/Include -O0 -ffunction-sections -fdata-sections -Wall -fstack-usage -fcyclomatic-complexity -MMD -MP -MF"Core/Src/main.d" -MT"Core/Src/main.o" --specs=nano.specs -mfpu=fpv4-sp-d16 -mfloat-abi=hard -mthumb -o "Core/Src/main.o"
arm-none-eabi-g++ -o "UART_TEST.elf" @"objects.list"   -mcpu=cortex-m4 -T"C:\Users\Ivo\Documents\GitHub\ModExpES\Software\UART_TEST\STM32F405RGTX_FLASH.ld" --specs=nosys.specs -Wl,-Map="UART_TEST.map" -Wl,--gc-sections -static --specs=nano.specs -mfpu=fpv4-sp-d16 -mfloat-abi=hard -mthumb -Wl,--start-group -lc -lm -lstdc++ -lsupc++ -Wl,--end-group
Finished building target: UART_TEST.elf
 
arm-none-eabi-size  UART_TEST.elf 
arm-none-eabi-objdump -h -S UART_TEST.elf  > "UART_TEST.list"
   text	   data	    bss	    dec	    hex	filename
   5596	     12	   1572	   7180	   1c0c	UART_TEST.elf
Finished building: default.size.stdout
 
Finished building: UART_TEST.list
 

18:19:04 Build Finished. 0 errors, 0 warnings. (took 720ms)

